/mnt/atrex-megatron/src/megatron-lm/megatron/core/optimizer/__init__.py:25: UserWarning: Transformer Engine and Apex are not installed. Falling back to Torch optimizers.
  warnings.warn(
/mnt/atrex-megatron/src/megatron-lm/megatron/core/inference/contexts/__init__.py:9: DeprecationWarning: The following imports from `dynamic_context.py` will be removed in this file in `megatron-core` 0.14. The imports here result in a cyclic import issue that causes rotary embeddings to import from Apex rather than Transformer Engine.
  warnings.warn(
/mnt/atrex-megatron/src/megatron-lm/megatron/core/distributed/fsdp/src/megatron_fsdp/mixed_precision.py:115: UserWarning: Transformer Engine and Apex are not installed. Falling back to local implementations of multi_tensor_applier and multi_tensor_scale
  warnings.warn(
/mnt/atrex-megatron/src/megatron-lm/megatron/core/optimizer/optimizer.py:29: UserWarning: Transformer Engine and Apex are not installed. Falling back to local implementations of multi_tensor_applier and multi_tensor_scale
  warnings.warn(
/mnt/atrex-megatron/src/megatron-lm/megatron/core/optimizer/clip_grads.py:32: UserWarning: Transformer Engine and Apex are not installed. Falling back to local implementations of multi_tensor_applier, multi_tensor_l2norm, and multi_tensor_scale
  warnings.warn(
2026-10-03 11:51:02.212866: I tensorflow/core/util/port.cc:110] oneDNN custom operations are on. You may see slightly different numerical results due to floating-point round-off errors from different computation orders. To turn them off, set the environment variable `TF_ENABLE_ONEDNN_OPTS=0`.
2026-10-03 11:51:02.275656: I tensorflow/core/platform/cpu_feature_guard.cc:182] This TensorFlow binary is optimized to use available CPU instructions in performance-critical operations.
To enable the following instructions: SSE3 SSE4.1 SSE4.2 AVX AVX2 AVX512F AVX512_VNNI FMA, in other operations, rebuild TensorFlow with the appropriate compiler flags.
WARNING:tensorflow:Deprecation warnings have been disabled. Set TF_ENABLE_DEPRECATION_WARNINGS=1 to re-enable them.
/mnt/atrex-megatron/src/megatron-lm/megatron/training/utils/common_utils.py:27: UserWarning: Transformer Engine and Apex are not installed. Falling back to local implementations of multi_tensor_applier and multi_tensor_l2norm
  warnings.warn(
/mnt/atrex-megatron/src/megatron-lm/megatron/core/models/backends.py:34: UserWarning: Apex is not installed. Falling back to Torch Norm
  warnings.warn("Apex is not installed. Falling back to Torch Norm")
/usr/local/corex/lib64/python3/dist-packages/mamba_ssm/ops/selective_scan_interface.py:164: FutureWarning: `torch.cuda.amp.custom_fwd(args...)` is deprecated. Please use `torch.amp.custom_fwd(args..., device_type='cuda')` instead.
  def forward(ctx, xz, conv1d_weight, conv1d_bias, x_proj_weight, delta_proj_weight,
/usr/local/corex/lib64/python3/dist-packages/mamba_ssm/ops/selective_scan_interface.py:240: FutureWarning: `torch.cuda.amp.custom_bwd(args...)` is deprecated. Please use `torch.amp.custom_bwd(args..., device_type='cuda')` instead.
  def backward(ctx, dout):
/usr/local/corex/lib64/python3/dist-packages/mamba_ssm/ops/triton/layer_norm.py:986: FutureWarning: `torch.cuda.amp.custom_fwd(args...)` is deprecated. Please use `torch.amp.custom_fwd(args..., device_type='cuda')` instead.
  def forward(
/usr/local/corex/lib64/python3/dist-packages/mamba_ssm/ops/triton/layer_norm.py:1045: FutureWarning: `torch.cuda.amp.custom_bwd(args...)` is deprecated. Please use `torch.amp.custom_bwd(args..., device_type='cuda')` instead.
  def backward(ctx, dout, *args):
/usr/local/corex/lib64/python3/dist-packages/mamba_ssm/distributed/tensor_parallel.py:26: FutureWarning: `torch.cuda.amp.custom_fwd(args...)` is deprecated. Please use `torch.amp.custom_fwd(args..., device_type='cuda')` instead.
  def forward(ctx, x, weight, bias, process_group=None, sequence_parallel=True):
/usr/local/corex/lib64/python3/dist-packages/mamba_ssm/distributed/tensor_parallel.py:62: FutureWarning: `torch.cuda.amp.custom_bwd(args...)` is deprecated. Please use `torch.amp.custom_bwd(args..., device_type='cuda')` instead.
  def backward(ctx, grad_output):
/usr/local/corex/lib64/python3/dist-packages/mamba_ssm/ops/triton/ssd_combined.py:758: FutureWarning: `torch.cuda.amp.custom_fwd(args...)` is deprecated. Please use `torch.amp.custom_fwd(args..., device_type='cuda')` instead.
  def forward(ctx, zxbcdt, conv1d_weight, conv1d_bias, dt_bias, A, D, chunk_size, initial_states=None, seq_idx=None, dt_limit=(0.0, float("inf")), return_final_states=False, activation="silu",
/usr/local/corex/lib64/python3/dist-packages/mamba_ssm/ops/triton/ssd_combined.py:836: FutureWarning: `torch.cuda.amp.custom_bwd(args...)` is deprecated. Please use `torch.amp.custom_bwd(args..., device_type='cuda')` instead.
  def backward(ctx, dout, *args):
/mnt/atrex-megatron/src/megatron-lm/megatron/core/extensions/transformer_engine_spec_provider.py:88: UserWarning: Only transformer-engine>=1.7.0 supports MoE experts, but your version is 0.0.0. Use local linear implementation instead.
  warnings.warn(
/mnt/atrex-megatron/src/megatron-lm/megatron/core/models/gpt/heterogeneous/heterogeneous_layer_specs.py:68: UserWarning: Apex is not installed. Falling back to Torch Norm
  warnings.warn("Apex is not installed. Falling back to Torch Norm")
/mnt/atrex-megatron/src/megatron-lm/megatron/core/models/gpt/gpt_layer_specs.py:74: UserWarning: Apex is not installed. Falling back to Torch Norm
  warnings.warn("Apex is not installed. Falling back to Torch Norm")
/mnt/atrex-megatron/src/megatron-lm/megatron/training/utils/common_utils.py:454: UserWarning: Overriding default arguments for tokenizer_type:GPT2BPETokenizer with tokenizer_type:NullTokenizer
  warnings.warn(message)
/mnt/atrex-megatron/src/megatron-lm/megatron/training/training.py:1131: UserWarning: Limited support for torch.double is provided currently. As for how to resolve the warning, contact Iluvatar application engineers. (Triggered internally at /home/corex/sw_home/apps/pytorch/aten/src/ATen/native/cuda/Copy.cu:372.)
  program_start_global = torch.tensor([_STARTUP_TIMESTAMPS['program_start']], dtype=torch.double, device='cuda')
[rank0]: Traceback (most recent call last):
[rank0]:   File "/mnt/atrex-megatron/src/megatron-lm/megatron/core/transformer/spec_utils.py", line 120, in build_module
[rank0]:     return module(
[rank0]:   File "/mnt/atrex-megatron/src/megatron-lm/megatron/core/transformer/transformer_layer.py", line 352, in __init__
[rank0]:     self.input_layernorm = submodules.input_layernorm(
[rank0]:   File "/mnt/atrex-megatron/src/megatron-lm/megatron/core/transformer/torch_norm.py", line 48, in __new__
[rank0]:     assert not config.persist_layer_norm, f"persist_layer_norm not supported by torch LayerNorm"
[rank0]: AssertionError: persist_layer_norm not supported by torch LayerNorm

[rank0]: During handling of the above exception, another exception occurred:

[rank0]: Traceback (most recent call last):
[rank0]:   File "/mnt/kda-biv150-stage3/megatron_training_entry/launch_pretrain.py", line 109, in <module>
[rank0]:     main()
[rank0]:   File "/mnt/kda-biv150-stage3/megatron_training_entry/launch_pretrain.py", line 90, in main
[rank0]:     runpy.run_path(str(root/'pretrain_gpt.py'), run_name='__main__')
[rank0]:   File "/root/miniconda3/lib/python3.10/runpy.py", line 289, in run_path
[rank0]:     return _run_module_code(code, init_globals, run_name,
[rank0]:   File "/root/miniconda3/lib/python3.10/runpy.py", line 96, in _run_module_code
[rank0]:     _run_code(code, mod_globals, init_globals,
[rank0]:   File "/root/miniconda3/lib/python3.10/runpy.py", line 86, in _run_code
[rank0]:     exec(code, run_globals)
[rank0]:   File "/mnt/atrex-megatron/src/megatron-lm/pretrain_gpt.py", line 523, in <module>
[rank0]:     pretrain(
[rank0]:   File "/mnt/atrex-megatron/src/megatron-lm/megatron/training/training.py", line 1228, in pretrain
[rank0]:     model, optimizer, opt_param_scheduler = setup_model_and_optimizer(
[rank0]:   File "/mnt/atrex-megatron/src/megatron-lm/megatron/training/training.py", line 2076, in setup_model_and_optimizer
[rank0]:     model = _build_model_wrapper(wrap_with_ddp)
[rank0]:   File "/mnt/atrex-megatron/src/megatron-lm/megatron/training/training.py", line 2050, in _build_model_wrapper
[rank0]:     return builder.build_distributed_models(
[rank0]:   File "/mnt/atrex-megatron/src/megatron-lm/megatron/training/models/gpt.py", line 362, in build_distributed_models
[rank0]:     model_list = unimodal_build_distributed_models(
[rank0]:   File "/mnt/atrex-megatron/src/megatron-lm/megatron/training/models/dist_utils.py", line 94, in unimodal_build_distributed_models
[rank0]:     model_list = build_virtual_pipeline_stages(build_model_func, pg_collection, vp_size, model_type)
[rank0]:   File "/mnt/atrex-megatron/src/megatron-lm/megatron/training/models/dist_utils.py", line 419, in build_virtual_pipeline_stages
[rank0]:     model = build_model_func(pg_collection, pre_process=pre_process, post_process=post_process)
[rank0]:   File "/mnt/atrex-megatron/src/megatron-lm/megatron/training/models/gpt.py", line 307, in build_model
[rank0]:     model = GPTModel(
[rank0]:   File "/mnt/atrex-megatron/src/megatron-lm/megatron/core/models/gpt/gpt_model.py", line 227, in __init__
[rank0]:     self.decoder = TransformerBlock(
[rank0]:   File "/mnt/atrex-megatron/src/megatron-lm/megatron/core/transformer/transformer_block.py", line 324, in __init__
[rank0]:     self._build_layers()
[rank0]:   File "/mnt/atrex-megatron/src/megatron-lm/megatron/core/transformer/transformer_block.py", line 367, in _build_layers
[rank0]:     [
[rank0]:   File "/mnt/atrex-megatron/src/megatron-lm/megatron/core/transformer/transformer_block.py", line 368, in <listcomp>
[rank0]:     build_layer(layer_spec, i + 1)
[rank0]:   File "/mnt/atrex-megatron/src/megatron-lm/megatron/core/transformer/transformer_block.py", line 356, in build_layer
[rank0]:     module = build_module(
[rank0]:   File "/mnt/atrex-megatron/src/megatron-lm/megatron/core/transformer/spec_utils.py", line 127, in build_module
[rank0]:     raise type(e)(f"{str(e)} when instantiating {module.__name__}").with_traceback(
[rank0]:   File "/mnt/atrex-megatron/src/megatron-lm/megatron/core/transformer/spec_utils.py", line 120, in build_module
[rank0]:     return module(
[rank0]:   File "/mnt/atrex-megatron/src/megatron-lm/megatron/core/transformer/transformer_layer.py", line 352, in __init__
[rank0]:     self.input_layernorm = submodules.input_layernorm(
[rank0]:   File "/mnt/atrex-megatron/src/megatron-lm/megatron/core/transformer/torch_norm.py", line 48, in __new__
[rank0]:     assert not config.persist_layer_norm, f"persist_layer_norm not supported by torch LayerNorm"
[rank0]: AssertionError: persist_layer_norm not supported by torch LayerNorm when instantiating TransformerLayer
/root/miniconda3/lib/python3.10/tempfile.py:869: ResourceWarning: Implicitly cleaning up <TemporaryDirectory '/tmp/tmpg9mmpofx'>
  _warnings.warn(warn_message, ResourceWarning)
[rank0]:[W1003 11:51:19.071845029 ProcessGroupNCCL.cpp:1211] Warning: WARNING: process group has NOT been destroyed before we destruct ProcessGroupNCCL. On normal program exit, the application should call destroy_process_group to ensure that any pending NCCL operations have finished in this process. In rare cases this process can exit before this point and block the progress of another member of the process group. This constraint has always been present,  but this warning has only been added since PyTorch 2.4 (function operator())
