/mnt/atrex-megatron/src/megatron-lm/megatron/core/optimizer/__init__.py:25: UserWarning: Transformer Engine and Apex are not installed. Falling back to Torch optimizers.
  warnings.warn(
/mnt/atrex-megatron/src/megatron-lm/megatron/core/inference/contexts/__init__.py:9: DeprecationWarning: The following imports from `dynamic_context.py` will be removed in this file in `megatron-core` 0.14. The imports here result in a cyclic import issue that causes rotary embeddings to import from Apex rather than Transformer Engine.
  warnings.warn(
/mnt/atrex-megatron/src/megatron-lm/megatron/core/distributed/fsdp/src/megatron_fsdp/mixed_precision.py:115: UserWarning: Transformer Engine and Apex are not installed. Falling back to local implementations of multi_tensor_applier and multi_tensor_scale
  warnings.warn(
/mnt/atrex-megatron/src/megatron-lm/megatron/core/optimizer/optimizer.py:29: UserWarning: Transformer Engine and Apex are not installed. Falling back to local implementations of multi_tensor_applier and multi_tensor_scale
  warnings.warn(
/mnt/atrex-megatron/src/megatron-lm/megatron/core/optimizer/clip_grads.py:32: UserWarning: Transformer Engine and Apex are not installed. Falling back to local implementations of multi_tensor_applier, multi_tensor_l2norm, and multi_tensor_scale
  warnings.warn(
2026-10-03 11:45:35.518260: I tensorflow/core/util/port.cc:110] oneDNN custom operations are on. You may see slightly different numerical results due to floating-point round-off errors from different computation orders. To turn them off, set the environment variable `TF_ENABLE_ONEDNN_OPTS=0`.
2026-10-03 11:45:35.579985: I tensorflow/core/platform/cpu_feature_guard.cc:182] This TensorFlow binary is optimized to use available CPU instructions in performance-critical operations.
To enable the following instructions: SSE3 SSE4.1 SSE4.2 AVX AVX2 AVX512F AVX512_VNNI FMA, in other operations, rebuild TensorFlow with the appropriate compiler flags.
WARNING:tensorflow:Deprecation warnings have been disabled. Set TF_ENABLE_DEPRECATION_WARNINGS=1 to re-enable them.
/mnt/atrex-megatron/src/megatron-lm/megatron/training/utils/common_utils.py:27: UserWarning: Transformer Engine and Apex are not installed. Falling back to local implementations of multi_tensor_applier and multi_tensor_l2norm
  warnings.warn(
/mnt/atrex-megatron/src/megatron-lm/megatron/core/models/backends.py:34: UserWarning: Apex is not installed. Falling back to Torch Norm
  warnings.warn("Apex is not installed. Falling back to Torch Norm")
/usr/local/corex/lib64/python3/dist-packages/mamba_ssm/ops/selective_scan_interface.py:164: FutureWarning: `torch.cuda.amp.custom_fwd(args...)` is deprecated. Please use `torch.amp.custom_fwd(args..., device_type='cuda')` instead.
  def forward(ctx, xz, conv1d_weight, conv1d_bias, x_proj_weight, delta_proj_weight,
/usr/local/corex/lib64/python3/dist-packages/mamba_ssm/ops/selective_scan_interface.py:240: FutureWarning: `torch.cuda.amp.custom_bwd(args...)` is deprecated. Please use `torch.amp.custom_bwd(args..., device_type='cuda')` instead.
  def backward(ctx, dout):
/usr/local/corex/lib64/python3/dist-packages/mamba_ssm/ops/triton/layer_norm.py:986: FutureWarning: `torch.cuda.amp.custom_fwd(args...)` is deprecated. Please use `torch.amp.custom_fwd(args..., device_type='cuda')` instead.
  def forward(
/usr/local/corex/lib64/python3/dist-packages/mamba_ssm/ops/triton/layer_norm.py:1045: FutureWarning: `torch.cuda.amp.custom_bwd(args...)` is deprecated. Please use `torch.amp.custom_bwd(args..., device_type='cuda')` instead.
  def backward(ctx, dout, *args):
/usr/local/corex/lib64/python3/dist-packages/mamba_ssm/distributed/tensor_parallel.py:26: FutureWarning: `torch.cuda.amp.custom_fwd(args...)` is deprecated. Please use `torch.amp.custom_fwd(args..., device_type='cuda')` instead.
  def forward(ctx, x, weight, bias, process_group=None, sequence_parallel=True):
/usr/local/corex/lib64/python3/dist-packages/mamba_ssm/distributed/tensor_parallel.py:62: FutureWarning: `torch.cuda.amp.custom_bwd(args...)` is deprecated. Please use `torch.amp.custom_bwd(args..., device_type='cuda')` instead.
  def backward(ctx, grad_output):
/usr/local/corex/lib64/python3/dist-packages/mamba_ssm/ops/triton/ssd_combined.py:758: FutureWarning: `torch.cuda.amp.custom_fwd(args...)` is deprecated. Please use `torch.amp.custom_fwd(args..., device_type='cuda')` instead.
  def forward(ctx, zxbcdt, conv1d_weight, conv1d_bias, dt_bias, A, D, chunk_size, initial_states=None, seq_idx=None, dt_limit=(0.0, float("inf")), return_final_states=False, activation="silu",
/usr/local/corex/lib64/python3/dist-packages/mamba_ssm/ops/triton/ssd_combined.py:836: FutureWarning: `torch.cuda.amp.custom_bwd(args...)` is deprecated. Please use `torch.amp.custom_bwd(args..., device_type='cuda')` instead.
  def backward(ctx, dout, *args):
Traceback (most recent call last):
  File "/private/kda-biv150-stage3/megatron_training_entry/launch_pretrain.py", line 79, in <module>
    main()
  File "/private/kda-biv150-stage3/megatron_training_entry/launch_pretrain.py", line 47, in main
    from megatron.training import argument_utils
  File "/mnt/atrex-megatron/src/megatron-lm/megatron/training/__init__.py", line 13, in <module>
    from .initialize  import initialize_megatron
  File "/mnt/atrex-megatron/src/megatron-lm/megatron/training/initialize.py", line 30, in <module>
    from megatron.training import (
  File "/mnt/atrex-megatron/src/megatron-lm/megatron/training/inprocess_restart.py", line 13, in <module>
    from megatron.training.async_utils import (
  File "/mnt/atrex-megatron/src/megatron-lm/megatron/training/async_utils.py", line 19, in <module>
    from megatron.training.utils import print_rank_0
  File "/mnt/atrex-megatron/src/megatron-lm/megatron/training/utils/__init__.py", line 31, in <module>
    from megatron.training.utils.utils import start_memory_history_recording
  File "/mnt/atrex-megatron/src/megatron-lm/megatron/training/utils/utils.py", line 9, in <module>
    from megatron.training.config import ProfilingConfig
  File "/mnt/atrex-megatron/src/megatron-lm/megatron/training/config/__init__.py", line 23, in <module>
    from megatron.training.config.container import InferenceConfigContainer, PretrainConfigContainer
  File "/mnt/atrex-megatron/src/megatron-lm/megatron/training/config/container.py", line 36, in <module>
    from megatron.training.models import GPTModelConfig, Serializable, HybridModelConfig
  File "/mnt/atrex-megatron/src/megatron-lm/megatron/training/models/__init__.py", line 8, in <module>
    from megatron.training.models.hybrid import HybridModelBuilder, HybridModelConfig
  File "/mnt/atrex-megatron/src/megatron-lm/megatron/training/models/hybrid.py", line 9, in <module>
    from megatron.core.models.hybrid.hybrid_layer_specs import (
  File "/mnt/atrex-megatron/src/megatron-lm/megatron/core/models/hybrid/hybrid_layer_specs.py", line 29, in <module>
    from megatron.core.transformer.experimental_attention_variant.absorbed_mla import (
  File "/mnt/atrex-megatron/src/megatron-lm/megatron/core/transformer/experimental_attention_variant/absorbed_mla.py", line 44, in <module>
    from megatron.core.fusions.fused_mla_yarn_rope_apply import (
  File "/mnt/atrex-megatron/src/megatron-lm/megatron/core/fusions/fused_mla_yarn_rope_apply.py", line 53, in <module>
    @triton.autotune(
TypeError: autotune() got an unexpected keyword argument 'restore_value'
/root/miniconda3/lib/python3.10/tempfile.py:869: ResourceWarning: Implicitly cleaning up <TemporaryDirectory '/tmp/tmpc75wvjj1'>
  _warnings.warn(warn_message, ResourceWarning)
