/mnt/atrex-megatron/src/megatron-lm/megatron/core/optimizer/__init__.py:25: UserWarning: Transformer Engine and Apex are not installed. Falling back to Torch optimizers.
  warnings.warn(
/mnt/atrex-megatron/src/megatron-lm/megatron/core/inference/contexts/__init__.py:9: DeprecationWarning: The following imports from `dynamic_context.py` will be removed in this file in `megatron-core` 0.14. The imports here result in a cyclic import issue that causes rotary embeddings to import from Apex rather than Transformer Engine.
  warnings.warn(
/mnt/atrex-megatron/src/megatron-lm/megatron/core/distributed/fsdp/src/megatron_fsdp/mixed_precision.py:115: UserWarning: Transformer Engine and Apex are not installed. Falling back to local implementations of multi_tensor_applier and multi_tensor_scale
  warnings.warn(
/mnt/atrex-megatron/src/megatron-lm/megatron/core/optimizer/optimizer.py:29: UserWarning: Transformer Engine and Apex are not installed. Falling back to local implementations of multi_tensor_applier and multi_tensor_scale
  warnings.warn(
/mnt/atrex-megatron/src/megatron-lm/megatron/core/optimizer/clip_grads.py:32: UserWarning: Transformer Engine and Apex are not installed. Falling back to local implementations of multi_tensor_applier, multi_tensor_l2norm, and multi_tensor_scale
  warnings.warn(
2026-10-03 11:47:31.751792: I tensorflow/core/util/port.cc:110] oneDNN custom operations are on. You may see slightly different numerical results due to floating-point round-off errors from different computation orders. To turn them off, set the environment variable `TF_ENABLE_ONEDNN_OPTS=0`.
2026-10-03 11:47:31.818302: I tensorflow/core/platform/cpu_feature_guard.cc:182] This TensorFlow binary is optimized to use available CPU instructions in performance-critical operations.
To enable the following instructions: SSE3 SSE4.1 SSE4.2 AVX AVX2 AVX512F AVX512_VNNI FMA, in other operations, rebuild TensorFlow with the appropriate compiler flags.
WARNING:tensorflow:Deprecation warnings have been disabled. Set TF_ENABLE_DEPRECATION_WARNINGS=1 to re-enable them.
/mnt/atrex-megatron/src/megatron-lm/megatron/training/utils/common_utils.py:27: UserWarning: Transformer Engine and Apex are not installed. Falling back to local implementations of multi_tensor_applier and multi_tensor_l2norm
  warnings.warn(
/mnt/atrex-megatron/src/megatron-lm/megatron/core/models/backends.py:34: UserWarning: Apex is not installed. Falling back to Torch Norm
  warnings.warn("Apex is not installed. Falling back to Torch Norm")
/usr/local/corex/lib64/python3/dist-packages/mamba_ssm/ops/selective_scan_interface.py:164: FutureWarning: `torch.cuda.amp.custom_fwd(args...)` is deprecated. Please use `torch.amp.custom_fwd(args..., device_type='cuda')` instead.
  def forward(ctx, xz, conv1d_weight, conv1d_bias, x_proj_weight, delta_proj_weight,
/usr/local/corex/lib64/python3/dist-packages/mamba_ssm/ops/selective_scan_interface.py:240: FutureWarning: `torch.cuda.amp.custom_bwd(args...)` is deprecated. Please use `torch.amp.custom_bwd(args..., device_type='cuda')` instead.
  def backward(ctx, dout):
/usr/local/corex/lib64/python3/dist-packages/mamba_ssm/ops/triton/layer_norm.py:986: FutureWarning: `torch.cuda.amp.custom_fwd(args...)` is deprecated. Please use `torch.amp.custom_fwd(args..., device_type='cuda')` instead.
  def forward(
/usr/local/corex/lib64/python3/dist-packages/mamba_ssm/ops/triton/layer_norm.py:1045: FutureWarning: `torch.cuda.amp.custom_bwd(args...)` is deprecated. Please use `torch.amp.custom_bwd(args..., device_type='cuda')` instead.
  def backward(ctx, dout, *args):
/usr/local/corex/lib64/python3/dist-packages/mamba_ssm/distributed/tensor_parallel.py:26: FutureWarning: `torch.cuda.amp.custom_fwd(args...)` is deprecated. Please use `torch.amp.custom_fwd(args..., device_type='cuda')` instead.
  def forward(ctx, x, weight, bias, process_group=None, sequence_parallel=True):
/usr/local/corex/lib64/python3/dist-packages/mamba_ssm/distributed/tensor_parallel.py:62: FutureWarning: `torch.cuda.amp.custom_bwd(args...)` is deprecated. Please use `torch.amp.custom_bwd(args..., device_type='cuda')` instead.
  def backward(ctx, grad_output):
/usr/local/corex/lib64/python3/dist-packages/mamba_ssm/ops/triton/ssd_combined.py:758: FutureWarning: `torch.cuda.amp.custom_fwd(args...)` is deprecated. Please use `torch.amp.custom_fwd(args..., device_type='cuda')` instead.
  def forward(ctx, zxbcdt, conv1d_weight, conv1d_bias, dt_bias, A, D, chunk_size, initial_states=None, seq_idx=None, dt_limit=(0.0, float("inf")), return_final_states=False, activation="silu",
/usr/local/corex/lib64/python3/dist-packages/mamba_ssm/ops/triton/ssd_combined.py:836: FutureWarning: `torch.cuda.amp.custom_bwd(args...)` is deprecated. Please use `torch.amp.custom_bwd(args..., device_type='cuda')` instead.
  def backward(ctx, dout, *args):
/mnt/atrex-megatron/src/megatron-lm/megatron/core/extensions/transformer_engine_spec_provider.py:88: UserWarning: Only transformer-engine>=1.7.0 supports MoE experts, but your version is 0.0.0. Use local linear implementation instead.
  warnings.warn(
/mnt/atrex-megatron/src/megatron-lm/megatron/core/models/gpt/heterogeneous/heterogeneous_layer_specs.py:68: UserWarning: Apex is not installed. Falling back to Torch Norm
  warnings.warn("Apex is not installed. Falling back to Torch Norm")
/mnt/atrex-megatron/src/megatron-lm/megatron/core/models/gpt/gpt_layer_specs.py:74: UserWarning: Apex is not installed. Falling back to Torch Norm
  warnings.warn("Apex is not installed. Falling back to Torch Norm")
/mnt/atrex-megatron/src/megatron-lm/megatron/core/_rank_utils.py:39: UserWarning: Could not determine rank from torch.distributed, RANK, or SLURM_PROCID. Defaulting to rank 0.
  warnings.warn(
Traceback (most recent call last):
  File "/private/kda-biv150-stage3/megatron_training_entry/launch_pretrain.py", line 79, in <module>
    main()
  File "/private/kda-biv150-stage3/megatron_training_entry/launch_pretrain.py", line 61, in main
    runpy.run_path(str(root/'pretrain_gpt.py'), run_name='__main__')
  File "/root/miniconda3/lib/python3.10/runpy.py", line 289, in run_path
    return _run_module_code(code, init_globals, run_name,
  File "/root/miniconda3/lib/python3.10/runpy.py", line 96, in _run_module_code
    _run_code(code, mod_globals, init_globals,
  File "/root/miniconda3/lib/python3.10/runpy.py", line 86, in _run_code
    exec(code, run_globals)
  File "/mnt/atrex-megatron/src/megatron-lm/pretrain_gpt.py", line 510, in <module>
    pretrain, store = inprocess_restart.maybe_wrap_for_inprocess_restart(pretrain)
  File "/mnt/atrex-megatron/src/megatron-lm/megatron/training/inprocess_restart.py", line 133, in maybe_wrap_for_inprocess_restart
    args = arguments.parse_args(ignore_unknown_args=True)
  File "/mnt/atrex-megatron/src/megatron-lm/megatron/training/arguments.py", line 129, in parse_args
    args, _ = parser.parse_known_args()
  File "/root/miniconda3/lib/python3.10/argparse.py", line 1866, in parse_known_args
    namespace, args = self._parse_known_args(args, namespace)
  File "/root/miniconda3/lib/python3.10/argparse.py", line 2079, in _parse_known_args
    start_index = consume_optional(start_index)
  File "/root/miniconda3/lib/python3.10/argparse.py", line 2019, in consume_optional
    take_action(action, args, option_string)
  File "/root/miniconda3/lib/python3.10/argparse.py", line 1943, in take_action
    action(self, namespace, argument_values, option_string)
  File "/root/miniconda3/lib/python3.10/argparse.py", line 1106, in __call__
    parser.print_help()
  File "/root/miniconda3/lib/python3.10/argparse.py", line 2567, in print_help
    self._print_message(self.format_help(), file)
  File "/root/miniconda3/lib/python3.10/argparse.py", line 2551, in format_help
    return formatter.format_help()
  File "/root/miniconda3/lib/python3.10/argparse.py", line 283, in format_help
    help = self._root_section.format_help()
  File "/root/miniconda3/lib/python3.10/argparse.py", line 214, in format_help
    item_help = join([func(*args) for func, args in self.items])
  File "/root/miniconda3/lib/python3.10/argparse.py", line 214, in <listcomp>
    item_help = join([func(*args) for func, args in self.items])
  File "/root/miniconda3/lib/python3.10/argparse.py", line 214, in format_help
    item_help = join([func(*args) for func, args in self.items])
  File "/root/miniconda3/lib/python3.10/argparse.py", line 214, in <listcomp>
    item_help = join([func(*args) for func, args in self.items])
  File "/root/miniconda3/lib/python3.10/argparse.py", line 540, in _format_action
    help_text = self._expand_help(action)
  File "/root/miniconda3/lib/python3.10/argparse.py", line 637, in _expand_help
    return self._get_help_string(action) % params
ValueError: unsupported format character ')' (0x29) at index 157
/root/miniconda3/lib/python3.10/tempfile.py:869: ResourceWarning: Implicitly cleaning up <TemporaryDirectory '/tmp/tmpwthtzagr'>
  _warnings.warn(warn_message, ResourceWarning)
